This is pdfTeX, Version 3.14159265-2.6-1.40.21 (MiKTeX 20.6.29) (preloaded format=pdflatex 2020.10.11)  11 JAN 2023 14:52
entering extended mode
**"./EEC 3150-01 Engineering Programming II Syllabus.tex"
("EEC 3150-01 Engineering Programming II Syllabus.tex"
LaTeX2e <2020-02-02> patch level 5
L3 programming layer <2020-06-18>
("C:\Users\Graham West\AppData\Local\Programs\MiKTeX\tex/latex/base\article.cls
"
Document Class: article 2019/12/20 v1.4l Standard LaTeX document class
("C:\Users\Graham West\AppData\Local\Programs\MiKTeX\tex/latex/base\size11.clo"
File: size11.clo 2019/12/20 v1.4l Standard LaTeX file (size option)
)
\c@part=\count167
\c@section=\count168
\c@subsection=\count169
\c@subsubsection=\count170
\c@paragraph=\count171
\c@subparagraph=\count172
\c@figure=\count173
\c@table=\count174
\abovecaptionskip=\skip47
\belowcaptionskip=\skip48
\bibindent=\dimen134
)
("C:\Users\Graham West\AppData\Local\Programs\MiKTeX\tex/latex/preprint\fullpag
e.sty"
Package: fullpage 1999/02/23 1.1 (PWD)
\FP@margin=\skip49
)
("C:\Users\Graham West\AppData\Local\Programs\MiKTeX\tex/latex/geometry\geometr
y.sty"
Package: geometry 2020/01/02 v5.9 Page Geometry

("C:\Users\Graham West\AppData\Local\Programs\MiKTeX\tex/latex/graphics\keyval.
sty"
Package: keyval 2014/10/28 v1.15 key=value parser (DPC)
\KV@toks@=\toks15
)
("C:\Users\Graham West\AppData\Local\Programs\MiKTeX\tex/generic/iftex\ifvtex.s
ty"
Package: ifvtex 2019/10/25 v1.7 ifvtex legacy package. Use iftex instead.

("C:\Users\Graham West\AppData\Local\Programs\MiKTeX\tex/generic/iftex\iftex.st
y"
Package: iftex 2020/03/06 v1.0d TeX engine tests
))
\Gm@cnth=\count175
\Gm@cntv=\count176
\c@Gm@tempcnt=\count177
\Gm@bindingoffset=\dimen135
\Gm@wd@mp=\dimen136
\Gm@odd@mp=\dimen137
\Gm@even@mp=\dimen138
\Gm@layoutwidth=\dimen139
\Gm@layoutheight=\dimen140
\Gm@layouthoffset=\dimen141
\Gm@layoutvoffset=\dimen142
\Gm@dimlist=\toks16

("C:\Users\Graham West\AppData\Local\Programs\MiKTeX\tex/latex/geometry\geometr
y.cfg"))
("C:\Users\Graham West\AppData\Local\Programs\MiKTeX\tex/latex/graphics\graphic
x.sty"
Package: graphicx 2019/11/30 v1.2a Enhanced LaTeX Graphics (DPC,SPQR)

("C:\Users\Graham West\AppData\Local\Programs\MiKTeX\tex/latex/graphics\graphic
s.sty"
Package: graphics 2019/11/30 v1.4a Standard LaTeX Graphics (DPC,SPQR)

("C:\Users\Graham West\AppData\Local\Programs\MiKTeX\tex/latex/graphics\trig.st
y"
Package: trig 2016/01/03 v1.10 sin cos tan (DPC)
)
("C:\Users\Graham West\AppData\Local\Programs\MiKTeX\tex/latex/graphics-cfg\gra
phics.cfg"
File: graphics.cfg 2016/06/04 v1.11 sample graphics configuration
)
Package graphics Info: Driver file: pdftex.def on input line 105.

("C:\Users\Graham West\AppData\Local\Programs\MiKTeX\tex/latex/graphics-def\pdf
tex.def"
File: pdftex.def 2018/01/08 v1.0l Graphics/color driver for pdftex
))
\Gin@req@height=\dimen143
\Gin@req@width=\dimen144
)
("C:\Users\Graham West\AppData\Local\Programs\MiKTeX\tex/latex/float\float.sty"
Package: float 2001/11/08 v1.3d Float enhancements (AL)
\c@float@type=\count178
\float@exts=\toks17
\float@box=\box45
\@float@everytoks=\toks18
\@floatcapt=\box46
)
("C:\Users\Graham West\AppData\Local\Programs\MiKTeX\tex/latex/hyperref\hyperre
f.sty"
Package: hyperref 2020-05-15 v7.00e Hypertext links for LaTeX

("C:\Users\Graham West\AppData\Local\Programs\MiKTeX\tex/generic/ltxcmds\ltxcmd
s.sty"
Package: ltxcmds 2020-05-10 v1.25 LaTeX kernel commands for general use (HO)
)
("C:\Users\Graham West\AppData\Local\Programs\MiKTeX\tex/generic/pdftexcmds\pdf
texcmds.sty"
Package: pdftexcmds 2020-06-27 v0.33 Utility functions of pdfTeX for LuaTeX (HO
)

("C:\Users\Graham West\AppData\Local\Programs\MiKTeX\tex/generic/infwarerr\infw
arerr.sty"
Package: infwarerr 2019/12/03 v1.5 Providing info/warning/error messages (HO)
)
Package pdftexcmds Info: \pdf@primitive is available.
Package pdftexcmds Info: \pdf@ifprimitive is available.
Package pdftexcmds Info: \pdfdraftmode found.
)
("C:\Users\Graham West\AppData\Local\Programs\MiKTeX\tex/generic/kvsetkeys\kvse
tkeys.sty"
Package: kvsetkeys 2019/12/15 v1.18 Key value parser (HO)
)
("C:\Users\Graham West\AppData\Local\Programs\MiKTeX\tex/generic/kvdefinekeys\k
vdefinekeys.sty"
Package: kvdefinekeys 2019-12-19 v1.6 Define keys (HO)
)
("C:\Users\Graham West\AppData\Local\Programs\MiKTeX\tex/generic/pdfescape\pdfe
scape.sty"
Package: pdfescape 2019/12/09 v1.15 Implements pdfTeX's escape features (HO)
)
("C:\Users\Graham West\AppData\Local\Programs\MiKTeX\tex/latex/hycolor\hycolor.
sty"
Package: hycolor 2020-01-27 v1.10 Color options for hyperref/bookmark (HO)
)
("C:\Users\Graham West\AppData\Local\Programs\MiKTeX\tex/latex/letltxmacro\letl
txmacro.sty"
Package: letltxmacro 2019/12/03 v1.6 Let assignment for LaTeX macros (HO)
)
("C:\Users\Graham West\AppData\Local\Programs\MiKTeX\tex/latex/auxhook\auxhook.
sty"
Package: auxhook 2019-12-17 v1.6 Hooks for auxiliary files (HO)
)
("C:\Users\Graham West\AppData\Local\Programs\MiKTeX\tex/latex/kvoptions\kvopti
ons.sty"
Package: kvoptions 2019/11/29 v3.13 Key value format for package options (HO)
)
\@linkdim=\dimen145
\Hy@linkcounter=\count179
\Hy@pagecounter=\count180

("C:\Users\Graham West\AppData\Local\Programs\MiKTeX\tex/latex/hyperref\pd1enc.
def"
File: pd1enc.def 2020-05-15 v7.00e Hyperref: PDFDocEncoding definition (HO)
Now handling font encoding PD1 ...
... no UTF-8 mapping file for font encoding PD1
)
("C:\Users\Graham West\AppData\Local\Programs\MiKTeX\tex/generic/intcalc\intcal
c.sty"
Package: intcalc 2019/12/15 v1.3 Expandable calculations with integers (HO)
)
("C:\Users\Graham West\AppData\Local\Programs\MiKTeX\tex/generic/etexcmds\etexc
mds.sty"
Package: etexcmds 2019/12/15 v1.7 Avoid name clashes with e-TeX commands (HO)
)
\Hy@SavedSpaceFactor=\count181
Package hyperref Info: Hyper figures OFF on input line 4464.
Package hyperref Info: Link nesting OFF on input line 4469.
Package hyperref Info: Hyper index ON on input line 4472.
Package hyperref Info: Plain pages OFF on input line 4479.
Package hyperref Info: Backreferencing OFF on input line 4484.
Package hyperref Info: Implicit mode ON; LaTeX internals redefined.
Package hyperref Info: Bookmarks ON on input line 4717.
\c@Hy@tempcnt=\count182

("C:\Users\Graham West\AppData\Local\Programs\MiKTeX\tex/latex/url\url.sty"
\Urlmuskip=\muskip16
Package: url 2013/09/16  ver 3.4  Verb mode for urls, etc.
)
LaTeX Info: Redefining \url on input line 5076.
\XeTeXLinkMargin=\dimen146

("C:\Users\Graham West\AppData\Local\Programs\MiKTeX\tex/generic/bitset\bitset.
sty"
Package: bitset 2019/12/09 v1.3 Handle bit-vector datatype (HO)

("C:\Users\Graham West\AppData\Local\Programs\MiKTeX\tex/generic/bigintcalc\big
intcalc.sty"
Package: bigintcalc 2019/12/15 v1.5 Expandable calculations on big integers (HO
)
))
\Fld@menulength=\count183
\Field@Width=\dimen147
\Fld@charsize=\dimen148
Package hyperref Info: Hyper figures OFF on input line 6347.
Package hyperref Info: Link nesting OFF on input line 6352.
Package hyperref Info: Hyper index ON on input line 6355.
Package hyperref Info: backreferencing OFF on input line 6362.
Package hyperref Info: Link coloring OFF on input line 6367.
Package hyperref Info: Link coloring with OCG OFF on input line 6372.
Package hyperref Info: PDF/A mode OFF on input line 6377.
LaTeX Info: Redefining \ref on input line 6417.
LaTeX Info: Redefining \pageref on input line 6421.

("C:\Users\Graham West\AppData\Local\Programs\MiKTeX\tex/generic/atbegshi\atbeg
shi.sty"
Package: atbegshi 2019/12/05 v1.19 At begin shipout hook (HO)
)
\Hy@abspage=\count184
\c@Item=\count185
\c@Hfootnote=\count186
)
Package hyperref Info: Driver (autodetected): hpdftex.

("C:\Users\Graham West\AppData\Local\Programs\MiKTeX\tex/latex/hyperref\hpdftex
.def"
File: hpdftex.def 2020-05-15 v7.00e Hyperref driver for pdfTeX

("C:\Users\Graham West\AppData\Local\Programs\MiKTeX\tex/latex/atveryend\atvery
end.sty"
Package: atveryend 2019-12-11 v1.11 Hooks at the very end of document (HO)
Package atveryend Info: \enddocument detected (standard20110627).
)
\Fld@listcount=\count187
\c@bookmark@seq@number=\count188

("C:\Users\Graham West\AppData\Local\Programs\MiKTeX\tex/latex/rerunfilecheck\r
erunfilecheck.sty"
Package: rerunfilecheck 2019/12/05 v1.9 Rerun checks for auxiliary files (HO)

("C:\Users\Graham West\AppData\Local\Programs\MiKTeX\tex/generic/uniquecounter\
uniquecounter.sty"
Package: uniquecounter 2019/12/15 v1.4 Provide unlimited unique counter (HO)
)
Package uniquecounter Info: New unique counter `rerunfilecheck' on input line 2
86.
)
\Hy@SectionHShift=\skip50
)
("C:\Users\Graham West\AppData\Local\Programs\MiKTeX\tex/latex/comment\comment.
sty"
\CommentStream=\write3
 Excluding comment 'comment')
("C:\Users\Graham West\AppData\Local\Programs\MiKTeX\tex/latex/psnfss\mathpazo.
sty"
Package: mathpazo 2020/03/25 PSNFSS-v9.3 Palatino w/ Pazo Math (D.Puga, WaS) 
\symupright=\mathgroup4
)
("C:\Users\Graham West\AppData\Local\Programs\MiKTeX\tex/latex/base\fontenc.sty
"
Package: fontenc 2020/02/11 v2.0o Standard LaTeX package
LaTeX Font Info:    Trying to load font information for T1+pplx on input line 1
12.

("C:\Users\Graham West\AppData\Local\Programs\MiKTeX\tex/latex/psnfss\t1pplx.fd
"
File: t1pplx.fd 2004/09/06 font definitions for T1/pplx.
))
("C:\Users\Graham West\AppData\Local\Programs\MiKTeX\tex/latex/datetime\datetim
e.sty"
Package: datetime 2015/03/20 v2.60 Date Time Package

("C:\Users\Graham West\AppData\Local\Programs\MiKTeX\tex/latex/etoolbox\etoolbo
x.sty"
Package: etoolbox 2019/09/21 v2.5h e-TeX tools for LaTeX (JAW)
\etb@tempcnta=\count189
)
("C:\Users\Graham West\AppData\Local\Programs\MiKTeX\tex/latex/fmtcount\fmtcoun
t.sty"
Package: fmtcount 2020/01/30 v3.07

("C:\Users\Graham West\AppData\Local\Programs\MiKTeX\tex/latex/base\ifthen.sty"
Package: ifthen 2014/09/29 v1.1c Standard LaTeX ifthen package (DPC)
)
("C:\Users\Graham West\AppData\Local\Programs\MiKTeX\tex/latex/xkeyval\xkeyval.
sty"
Package: xkeyval 2014/12/03 v2.7a package option processing (HA)

("C:\Users\Graham West\AppData\Local\Programs\MiKTeX\tex/generic/xkeyval\xkeyva
l.tex"
("C:\Users\Graham West\AppData\Local\Programs\MiKTeX\tex/generic/xkeyval\xkvuti
ls.tex"
\XKV@toks=\toks19
\XKV@tempa@toks=\toks20
)
\XKV@depth=\count190
File: xkeyval.tex 2014/12/03 v2.7a key=value parser (HA)
))
("C:\Users\Graham West\AppData\Local\Programs\MiKTeX\tex/latex/fmtcount\fcprefi
x.sty"
Package: fcprefix 2012/09/28

("C:\Users\Graham West\AppData\Local\Programs\MiKTeX\tex/latex/fmtcount\fcnumpa
rser.sty"
Package: fcnumparser 2017/06/15
\fc@digit@counter=\count191
))
("C:\Users\Graham West\AppData\Local\Programs\MiKTeX\tex/latex/amsmath\amsgen.s
ty"
File: amsgen.sty 1999/11/30 v2.0 generic functions
\@emptytoks=\toks21
\ex@=\dimen149
)
\c@padzeroesN=\count192
\fc@tmpcatcode=\count193
\@DT@modctr=\count194
\@ordinalctr=\count195
\@orgargctr=\count196
\@strctr=\count197
\@tmpstrctr=\count198
\@DT@loopN=\count199
\@DT@X=\count266
)
("C:\Users\Graham West\AppData\Local\Programs\MiKTeX\tex/latex/datetime\datetim
e-defaults.sty"
Package: datetime-defaults 2013/09/10
)
\@day=\count267
\@month=\count268
\@year=\count269
\c@HOUR=\count270
\c@HOURXII=\count271
\c@MINUTE=\count272
\c@TOHOUR=\count273
\c@TOMINUTE=\count274
\c@SECOND=\count275
\currenthour=\count276
\currentminute=\count277
\currentsecond=\count278
Package datetime Info: No datetime.cfg file found, using default settings on in
put line 308.
\@dtctr=\count279
\dayofyear=\count280
\dayofweek=\count281
LaTeX Info: Redefining \today on input line 736.
\dt@a=\toks22
\dt@b=\toks23
)
("C:\Users\Graham West\AppData\Local\Programs\MiKTeX\tex/latex/advdate\advdate.
sty"
Package: advdate 1996/10/20 Advance Date Package
\r@k=\count282
\un@r=\count283
\m@l=\count284
\m@s=\count285
\M@s=\count286
)
\MONDAY=\box47

("C:\Users\Graham West\AppData\Local\Programs\MiKTeX\tex/latex/setspace\setspac
e.sty"
Package: setspace 2011/12/19 v6.7a set line spacing
)
("C:\Users\Graham West\AppData\Local\Programs\MiKTeX\tex/latex/tools\multicol.s
ty"
Package: multicol 2019/12/09 v1.8y multicolumn formatting (FMi)
\c@tracingmulticols=\count287
\mult@box=\box48
\multicol@leftmargin=\dimen150
\c@unbalance=\count288
\c@collectmore=\count289
\doublecol@number=\count290
\multicoltolerance=\count291
\multicolpretolerance=\count292
\full@width=\dimen151
\page@free=\dimen152
\premulticols=\dimen153
\postmulticols=\dimen154
\multicolsep=\skip51
\multicolbaselineskip=\skip52
\partial@page=\box49
\last@line=\box50
\maxbalancingoverflow=\dimen155
\mult@rightbox=\box51
\mult@grightbox=\box52
\mult@gfirstbox=\box53
\mult@firstbox=\box54
\@tempa=\box55
\@tempa=\box56
\@tempa=\box57
\@tempa=\box58
\@tempa=\box59
\@tempa=\box60
\@tempa=\box61
\@tempa=\box62
\@tempa=\box63
\@tempa=\box64
\@tempa=\box65
\@tempa=\box66
\@tempa=\box67
\@tempa=\box68
\@tempa=\box69
\@tempa=\box70
\@tempa=\box71
\@tempa=\box72
\@tempa=\box73
\@tempa=\box74
\@tempa=\box75
\@tempa=\box76
\@tempa=\box77
\@tempa=\box78
\@tempa=\box79
\@tempa=\box80
\@tempa=\box81
\@tempa=\box82
\@tempa=\box83
\@tempa=\box84
\@tempa=\box85
\@tempa=\box86
\@tempa=\box87
\@tempa=\box88
\@tempa=\box89
\@tempa=\box90
\@tempa=\box91
\c@minrows=\count293
\c@columnbadness=\count294
\c@finalcolumnbadness=\count295
\last@try=\dimen156
\multicolovershoot=\dimen157
\multicolundershoot=\dimen158
\mult@nat@firstbox=\box92
\colbreak@box=\box93
\mc@col@check@num=\count296
)
("C:\Users\Graham West\AppData\Local\Programs\MiKTeX\tex/latex/fancyhdr\fancyhd
r.sty"
Package: fancyhdr 2021/01/28 v4.0.1 Extensive control of page headers and foote
rs
\f@nch@headwidth=\skip53
\f@nch@O@elh=\skip54
\f@nch@O@erh=\skip55
\f@nch@O@olh=\skip56
\f@nch@O@orh=\skip57
\f@nch@O@elf=\skip58
\f@nch@O@erf=\skip59
\f@nch@O@olf=\skip60
\f@nch@O@orf=\skip61
)
("C:\Users\Graham West\AppData\Local\Programs\MiKTeX\tex/latex/lastpage\lastpag
e.sty"
Package: lastpage 2021/09/03 v1.2n Refers to last page's name (HMM; JPG)
)
("C:\Users\Graham West\AppData\Local\Programs\MiKTeX\tex/latex/amsmath\amsmath.
sty"
Package: amsmath 2020/01/20 v2.17e AMS math features
\@mathmargin=\skip62

For additional information on amsmath, use the `?' option.

("C:\Users\Graham West\AppData\Local\Programs\MiKTeX\tex/latex/amsmath\amstext.
sty"
Package: amstext 2000/06/29 v2.01 AMS text
)
("C:\Users\Graham West\AppData\Local\Programs\MiKTeX\tex/latex/amsmath\amsbsy.s
ty"
Package: amsbsy 1999/11/29 v1.2d Bold Symbols
\pmbraise@=\dimen159
)
("C:\Users\Graham West\AppData\Local\Programs\MiKTeX\tex/latex/amsmath\amsopn.s
ty"
Package: amsopn 2016/03/08 v2.02 operator names
)
\inf@bad=\count297
LaTeX Info: Redefining \frac on input line 227.
\uproot@=\count298
\leftroot@=\count299
LaTeX Info: Redefining \overline on input line 389.
\classnum@=\count300
\DOTSCASE@=\count301
LaTeX Info: Redefining \ldots on input line 486.
LaTeX Info: Redefining \dots on input line 489.
LaTeX Info: Redefining \cdots on input line 610.
\Mathstrutbox@=\box94
\strutbox@=\box95
\big@size=\dimen160
LaTeX Font Info:    Redeclaring font encoding OML on input line 733.
LaTeX Font Info:    Redeclaring font encoding OMS on input line 734.
\macc@depth=\count302
\c@MaxMatrixCols=\count303
\dotsspace@=\muskip17
\c@parentequation=\count304
\dspbrk@lvl=\count305
\tag@help=\toks24
\row@=\count306
\column@=\count307
\maxfields@=\count308
\andhelp@=\toks25
\eqnshift@=\dimen161
\alignsep@=\dimen162
\tagshift@=\dimen163
\tagwidth@=\dimen164
\totwidth@=\dimen165
\lineht@=\dimen166
\@envbody=\toks26
\multlinegap=\skip63
\multlinetaggap=\skip64
\mathdisplay@stack=\toks27
LaTeX Info: Redefining \[ on input line 2859.
LaTeX Info: Redefining \] on input line 2860.
)
("C:\Users\Graham West\AppData\Local\Programs\MiKTeX\tex/latex/tools\layout.sty
"
Package: layout 2014/10/28 v1.2c Show layout parameters
\oneinch=\count309
\cnt@paperwidth=\count310
\cnt@paperheight=\count311
\cnt@hoffset=\count312
\cnt@voffset=\count313
\cnt@textheight=\count314
\cnt@textwidth=\count315
\cnt@topmargin=\count316
\cnt@oddsidemargin=\count317
\cnt@evensidemargin=\count318
\cnt@headheight=\count319
\cnt@headsep=\count320
\cnt@marginparsep=\count321
\cnt@marginparwidth=\count322
\cnt@marginparpush=\count323
\cnt@footskip=\count324
\fheight=\count325
\ref@top=\count326
\ref@hoffset=\count327
\ref@voffset=\count328
\ref@head=\count329
\ref@body=\count330
\ref@foot=\count331
\ref@margin=\count332
\ref@marginwidth=\count333
\ref@marginpar=\count334
\Interval=\count335
\ExtraYPos=\count336
\PositionX=\count337
\PositionY=\count338
\ArrowLength=\count339
)
("C:\Users\Graham West\AppData\Local\Programs\MiKTeX\tex/latex/tools\array.sty"
Package: array 2019/08/31 v2.4l Tabular extension package (FMi)
\col@sep=\dimen167
\ar@mcellbox=\box96
\extrarowheight=\dimen168
\NC@list=\toks28
\extratabsurround=\skip65
\backup@length=\skip66
\ar@cellbox=\box97
)
("C:\Users\Graham West\AppData\Local\Programs\MiKTeX\tex/latex/xcolor\xcolor.st
y"
Package: xcolor 2016/05/11 v2.12 LaTeX color extensions (UK)

("C:\Users\Graham West\AppData\Local\Programs\MiKTeX\tex/latex/graphics-cfg\col
or.cfg"
File: color.cfg 2016/01/02 v1.6 sample color configuration
)
Package xcolor Info: Driver file: pdftex.def on input line 225.
Package xcolor Info: Model `cmy' substituted by `cmy0' on input line 1348.
Package xcolor Info: Model `hsb' substituted by `rgb' on input line 1352.
Package xcolor Info: Model `RGB' extended on input line 1364.
Package xcolor Info: Model `HTML' substituted by `rgb' on input line 1366.
Package xcolor Info: Model `Hsb' substituted by `hsb' on input line 1367.
Package xcolor Info: Model `tHsb' substituted by `hsb' on input line 1368.
Package xcolor Info: Model `HSB' substituted by `hsb' on input line 1369.
Package xcolor Info: Model `Gray' substituted by `gray' on input line 1370.
Package xcolor Info: Model `wave' substituted by `hsb' on input line 1371.
)
Package hyperref Info: Option `colorlinks' set `true' on input line 67.
Package hyperref Info: Option `breaklinks' set `true' on input line 67.

("C:\Users\Graham West\AppData\Local\Programs\MiKTeX\tex/latex/l3backend\l3back
end-pdfmode.def"
File: l3backend-pdfmode.def 2020-06-29 L3 backend support: PDF mode
\l__kernel_color_stack_int=\count340
\l__pdf_internal_box=\box98
) ("EEC 3150-01 Engineering Programming II Syllabus.aux")
\openout1 = `"EEC 3150-01 Engineering Programming II Syllabus.aux"'.

LaTeX Font Info:    Checking defaults for OML/cmm/m/it on input line 73.
LaTeX Font Info:    ... okay on input line 73.
LaTeX Font Info:    Checking defaults for OMS/cmsy/m/n on input line 73.
LaTeX Font Info:    ... okay on input line 73.
LaTeX Font Info:    Checking defaults for OT1/cmr/m/n on input line 73.
LaTeX Font Info:    ... okay on input line 73.
LaTeX Font Info:    Checking defaults for T1/cmr/m/n on input line 73.
LaTeX Font Info:    ... okay on input line 73.
LaTeX Font Info:    Checking defaults for TS1/cmr/m/n on input line 73.
LaTeX Font Info:    ... okay on input line 73.
LaTeX Font Info:    Checking defaults for OMX/cmex/m/n on input line 73.
LaTeX Font Info:    ... okay on input line 73.
LaTeX Font Info:    Checking defaults for U/cmr/m/n on input line 73.
LaTeX Font Info:    ... okay on input line 73.
LaTeX Font Info:    Checking defaults for PD1/pdf/m/n on input line 73.
LaTeX Font Info:    ... okay on input line 73.

*geometry* driver: auto-detecting
*geometry* detected driver: pdftex
*geometry* verbose mode - [ preamble ] result:
* driver: pdftex
* paper: <default>
* layout: <same size as paper>
* layoutoffset:(h,v)=(0.0pt,0.0pt)
* modes: 
* h-part:(L,W,R)=(72.26999pt, 469.75502pt, 72.26999pt)
* v-part:(T,H,B)=(72.26999pt, 650.43001pt, 72.26999pt)
* \paperwidth=614.295pt
* \paperheight=794.96999pt
* \textwidth=469.75502pt
* \textheight=650.43001pt
* \oddsidemargin=0.0pt
* \evensidemargin=0.0pt
* \topmargin=-28.28741pt
* \headheight=14.1437pt
* \headsep=14.1437pt
* \topskip=11.0pt
* \footskip=30.0pt
* \marginparwidth=59.0pt
* \marginparsep=10.0pt
* \columnsep=10.0pt
* \skip\footins=10.0pt plus 4.0pt minus 2.0pt
* \hoffset=0.0pt
* \voffset=0.0pt
* \mag=1000
* \@twocolumnfalse
* \@twosidefalse
* \@mparswitchfalse
* \@reversemarginfalse
* (1in=72.27pt=25.4mm, 1cm=28.453pt)


("C:\Users\Graham West\AppData\Local\Programs\MiKTeX\tex/context/base/mkii\supp
-pdf.mkii"
[Loading MPS to PDF converter (version 2006.09.02).]
\scratchcounter=\count341
\scratchdimen=\dimen169
\scratchbox=\box99
\nofMPsegments=\count342
\nofMParguments=\count343
\everyMPshowfont=\toks29
\MPscratchCnt=\count344
\MPscratchDim=\dimen170
\MPnumerator=\count345
\makeMPintoPDFobject=\count346
\everyMPtoPDFconversion=\toks30
)
("C:\Users\Graham West\AppData\Local\Programs\MiKTeX\tex/latex/epstopdf-pkg\eps
topdf-base.sty"
Package: epstopdf-base 2020-01-24 v2.11 Base part for package epstopdf
Package epstopdf-base Info: Redefining graphics rule for `.eps' on input line 4
85.
)
\AtBeginShipoutBox=\box100
Package hyperref Info: Link coloring ON on input line 73.

("C:\Users\Graham West\AppData\Local\Programs\MiKTeX\tex/latex/hyperref\nameref
.sty"
Package: nameref 2019/09/16 v2.46 Cross-referencing by name of section

("C:\Users\Graham West\AppData\Local\Programs\MiKTeX\tex/latex/refcount\refcoun
t.sty"
Package: refcount 2019/12/15 v3.6 Data extraction from label references (HO)
)
("C:\Users\Graham West\AppData\Local\Programs\MiKTeX\tex/generic/gettitlestring
\gettitlestring.sty"
Package: gettitlestring 2019/12/15 v1.6 Cleanup title references (HO)
)
\c@section@level=\count347
)
LaTeX Info: Redefining \ref on input line 73.
LaTeX Info: Redefining \pageref on input line 73.
LaTeX Info: Redefining \nameref on input line 73.
 ("EEC 3150-01 Engineering Programming II Syllabus.out")
("EEC 3150-01 Engineering Programming II Syllabus.out")
\@outlinefile=\write4
\openout4 = `"EEC 3150-01 Engineering Programming II Syllabus.out"'.


("C:\Users\Graham West\AppData\Local\Programs\MiKTeX\tex/latex/fmtcount\fc-engl
ish.def"
File: fc-english.def 2016/01/12
)
Package lastpage Info: Please have a look at the pageslts package at
(lastpage)             https://www.ctan.org/pkg/pageslts
(lastpage)             ! on input line 73.
LaTeX Font Info:    Trying to load font information for OT1+pplx on input line 
76.

("C:\Users\Graham West\AppData\Local\Programs\MiKTeX\tex/latex/psnfss\ot1pplx.f
d"
File: ot1pplx.fd 2004/09/06 font definitions for OT1/pplx.
)
LaTeX Font Info:    Trying to load font information for OML+zplm on input line 
76.

("C:\Users\Graham West\AppData\Local\Programs\MiKTeX\tex/latex/psnfss\omlzplm.f
d"
File: omlzplm.fd 2002/09/08 Fontinst v1.914 font definitions for OML/zplm.
)
LaTeX Font Info:    Trying to load font information for OMS+zplm on input line 
76.

("C:\Users\Graham West\AppData\Local\Programs\MiKTeX\tex/latex/psnfss\omszplm.f
d"
File: omszplm.fd 2002/09/08 Fontinst v1.914 font definitions for OMS/zplm.
)
LaTeX Font Info:    Trying to load font information for OMX+zplm on input line 
76.

("C:\Users\Graham West\AppData\Local\Programs\MiKTeX\tex/latex/psnfss\omxzplm.f
d"
File: omxzplm.fd 2002/09/08 Fontinst v1.914 font definitions for OMX/zplm.
)
LaTeX Font Info:    Trying to load font information for OT1+zplm on input line 
76.

("C:\Users\Graham West\AppData\Local\Programs\MiKTeX\tex/latex/psnfss\ot1zplm.f
d"
File: ot1zplm.fd 2002/09/08 Fontinst v1.914 font definitions for OT1/zplm.
)
LaTeX Font Info:    Trying to load font information for T1+cmtt on input line 8
2.

("C:\Users\Graham West\AppData\Local\Programs\MiKTeX\tex/latex/base\t1cmtt.fd"
File: t1cmtt.fd 2019/12/16 v2.5j Standard LaTeX font definitions
)
Underfull \hbox (badness 10000) in alignment at lines 79--86
[] 
 []

LaTeX Font Info:    Trying to load font information for TS1+pplx on input line 
101.

("C:\Users\Graham West\AppData\Local\Programs\MiKTeX\tex/latex/psnfss\ts1pplx.f
d"
File: ts1pplx.fd 2004/09/06 font definitions for TS1/pplx.
) [1

{C:/Users/Graham West/AppData/Local/MiKTeX/pdftex/config/pdftex.map}]
Underfull \hbox (badness 10000) in paragraph at lines 153--154

 []

[2]
Underfull \hbox (badness 10000) in paragraph at lines 161--162

 []


Underfull \hbox (badness 10000) in paragraph at lines 163--164

 []


Underfull \hbox (badness 10000) in paragraph at lines 185--186

 []


Underfull \hbox (badness 10000) in paragraph at lines 202--203

 []

[3]
Underfull \hbox (badness 10000) in paragraph at lines 215--216

 []

Excluding 'comment' comment. [4]
Underfull \hbox (badness 10000) in paragraph at lines 308--309

 []


Underfull \hbox (badness 10000) in paragraph at lines 310--311

 []


Underfull \hbox (badness 10000) in paragraph at lines 312--313

 []


Underfull \hbox (badness 10000) in paragraph at lines 314--315

 []


Underfull \hbox (badness 10000) in paragraph at lines 316--317

 []

[5]
Underfull \hbox (badness 10000) in paragraph at lines 322--323

 []


Underfull \hbox (badness 10000) in paragraph at lines 334--335

 []


Underfull \hbox (badness 10000) in paragraph at lines 336--337

 []

[6]
Underfull \hbox (badness 10000) in paragraph at lines 338--339

 []


AED: lastpage setting LastPage
[7]
Package atveryend Info: Empty hook `BeforeClearDocument' on input line 351.
Package atveryend Info: Empty hook `AfterLastShipout' on input line 351.
 ("EEC 3150-01 Engineering Programming II Syllabus.aux")
Package atveryend Info: Executing hook `AtVeryEndDocument' on input line 351.
Package atveryend Info: Executing hook `AtEndAfterFileList' on input line 351.
Package rerunfilecheck Info: File `"EEC 3150-01 Engineering Programming II Syll
abus".out' has not changed.
(rerunfilecheck)             Checksum: A747E84473736DF245B559871F091A41;313.
Package atveryend Info: Empty hook `AtVeryVeryEnd' on input line 351.
 ) 
Here is how much of TeX's memory you used:
 8950 strings out of 480790
 134856 string characters out of 2894452
 429640 words of memory out of 3000000
 24715 multiletter control sequences out of 15000+200000
 569253 words of font info for 86 fonts, out of 3000000 for 9000
 1141 hyphenation exceptions out of 8191
 39i,11n,45p,1182b,371s stack positions out of 5000i,500n,10000p,200000b,50000s
{C:/Users/Graham West/AppData/Local/Programs/MiKTeX/fonts/enc/dvips/base/8r.e
nc} <C:\Users\Graham West\AppData\Local\MiKTeX\fonts/pk/ljfour/jknappen/ec/dpi6
00\ectt1095.pk><C:/Users/Graham West/AppData/Local/Programs/MiKTeX/fonts/type1/
public/amsfonts/cm/cmmi10.pfb><C:/Users/Graham West/AppData/Local/Programs/MiKT
eX/fonts/type1/urw/palatino/uplb8a.pfb><C:/Users/Graham West/AppData/Local/Prog
rams/MiKTeX/fonts/type1/urw/palatino/uplr8a.pfb>
Output written on "EEC 3150-01 Engineering Programming II Syllabus.pdf" (7 page
s, 80813 bytes).
PDF statistics:
 111 PDF objects out of 1000 (max. 8388607)
 27 named destinations out of 1000 (max. 500000)
 49 words of extra memory for PDF output out of 10000 (max. 10000000)

